C:\Users\Carlos\Google Drive\Universidad\4º Cuarto\Sistemas de información\WebDatabase2\Database2Docker(FrontEnd)\src\main\java\com\mycompany\database2docker\model\impl\WsDao.java
C:\Users\Carlos\Google Drive\Universidad\4º Cuarto\Sistemas de información\WebDatabase2\Database2Docker(FrontEnd)\src\main\java\com\mycompany\database2docker\model\Alumno.java
C:\Users\Carlos\Google Drive\Universidad\4º Cuarto\Sistemas de información\WebDatabase2\Database2Docker(FrontEnd)\src\main\java\com\mycompany\database2docker\services\BackEndService.java
C:\Users\Carlos\Google Drive\Universidad\4º Cuarto\Sistemas de información\WebDatabase2\Database2Docker(FrontEnd)\src\main\java\com\mycompany\database2docker\resources\AlumnosResource.java
C:\Users\Carlos\Google Drive\Universidad\4º Cuarto\Sistemas de información\WebDatabase2\Database2Docker(FrontEnd)\src\main\java\com\mycompany\database2docker\services\Format.java
C:\Users\Carlos\Google Drive\Universidad\4º Cuarto\Sistemas de información\WebDatabase2\Database2Docker(FrontEnd)\src\main\java\com\mycompany\database2docker\JAXRSConfiguration.java
C:\Users\Carlos\Google Drive\Universidad\4º Cuarto\Sistemas de información\WebDatabase2\Database2Docker(FrontEnd)\src\main\java\com\mycompany\database2docker\model\Dao.java
C:\Users\Carlos\Google Drive\Universidad\4º Cuarto\Sistemas de información\WebDatabase2\Database2Docker(FrontEnd)\src\main\java\com\mycompany\database2docker\exceptions\AppException.java
