es\upsa\ssi\database2\annotations\Format$Type.class
es\upsa\ssi\database2\json\AlumnoJsonMapper.class
es\upsa\ssi\database2\annotations\FormatLiteral.class
es\upsa\ssi\database2\exceptions\EmailRepetidoException.class
es\upsa\ssi\database2\providers\AlumnosMessageBodyWriter.class
es\upsa\ssi\database2\providers\AppExceptionMapper.class
es\upsa\ssi\database2\json\impl\AlumnoJsonMapperLargo.class
es\upsa\ssi\database2\json\AlumnoJsonMapperSelector.class
es\upsa\ssi\database2\providers\AlumnoMessageBodyWriter.class
es\upsa\ssi\database2\exceptions\DniRepetidoException.class
es\upsa\ssi\database2\exceptions\AppException.class
es\upsa\ssi\database2\exceptions\SqlAppException.class
es\upsa\ssi\database2\json\impl\AlumnoJsonMapperCorto.class
es\upsa\ssi\database2\providers\AlumnoNotFoundExceptionMapper.class
es\upsa\ssi\database2\json\impl\AlumnoJsonMapperMedio.class
es\upsa\ssi\database2\annotations\Format.class
es\upsa\ssi\database2\providers\Utils.class
es\upsa\ssi\database2\resources\AlumnosResource$1.class
es\upsa\ssi\database2\model\impl\OracleDao.class
es\upsa\ssi\database2\providers\AlumnoMessageBodyReader.class
es\upsa\ssi\database2\exceptions\AlumnoNotFoundException.class
es\upsa\ssi\database2\exceptions\ExpedienteRepetidoException.class
es\upsa\ssi\database2\model\Dao.class
es\upsa\ssi\database2\resources\AlumnosResource.class
es\upsa\ssi\database2\json\AlumnoJsonMapperSelector$1.class
es\upsa\ssi\database2\model\Alumno.class
es\upsa\ssi\database2\JAXRSConfiguration.class
es\upsa\ssi\database2\link\AlumnoLinkProducer.class
