C:\Users\Carlos\Google Drive\Universidad\4º Cuarto\Sistemas de información\WebDatabase2\Database2Docker(BackEnd)\src\main\java\es\upsa\ssi\database2\exceptions\AlumnoNotFoundException.java
C:\Users\Carlos\Google Drive\Universidad\4º Cuarto\Sistemas de información\WebDatabase2\Database2Docker(BackEnd)\src\main\java\es\upsa\ssi\database2\json\AlumnoJsonMapper.java
C:\Users\Carlos\Google Drive\Universidad\4º Cuarto\Sistemas de información\WebDatabase2\Database2Docker(BackEnd)\src\main\java\es\upsa\ssi\database2\providers\AlumnosMessageBodyWriter.java
C:\Users\Carlos\Google Drive\Universidad\4º Cuarto\Sistemas de información\WebDatabase2\Database2Docker(BackEnd)\src\main\java\es\upsa\ssi\database2\providers\Utils.java
C:\Users\Carlos\Google Drive\Universidad\4º Cuarto\Sistemas de información\WebDatabase2\Database2Docker(BackEnd)\src\main\java\es\upsa\ssi\database2\json\impl\AlumnoJsonMapperCorto.java
C:\Users\Carlos\Google Drive\Universidad\4º Cuarto\Sistemas de información\WebDatabase2\Database2Docker(BackEnd)\src\main\java\es\upsa\ssi\database2\exceptions\AppException.java
C:\Users\Carlos\Google Drive\Universidad\4º Cuarto\Sistemas de información\WebDatabase2\Database2Docker(BackEnd)\src\main\java\es\upsa\ssi\database2\annotations\Format.java
C:\Users\Carlos\Google Drive\Universidad\4º Cuarto\Sistemas de información\WebDatabase2\Database2Docker(BackEnd)\src\main\java\es\upsa\ssi\database2\exceptions\SqlAppException.java
C:\Users\Carlos\Google Drive\Universidad\4º Cuarto\Sistemas de información\WebDatabase2\Database2Docker(BackEnd)\src\main\java\es\upsa\ssi\database2\json\impl\AlumnoJsonMapperLargo.java
C:\Users\Carlos\Google Drive\Universidad\4º Cuarto\Sistemas de información\WebDatabase2\Database2Docker(BackEnd)\src\main\java\es\upsa\ssi\database2\exceptions\ExpedienteRepetidoException.java
C:\Users\Carlos\Google Drive\Universidad\4º Cuarto\Sistemas de información\WebDatabase2\Database2Docker(BackEnd)\src\main\java\es\upsa\ssi\database2\json\impl\AlumnoJsonMapperMedio.java
C:\Users\Carlos\Google Drive\Universidad\4º Cuarto\Sistemas de información\WebDatabase2\Database2Docker(BackEnd)\src\main\java\es\upsa\ssi\database2\providers\AppExceptionMapper.java
C:\Users\Carlos\Google Drive\Universidad\4º Cuarto\Sistemas de información\WebDatabase2\Database2Docker(BackEnd)\src\main\java\es\upsa\ssi\database2\providers\AlumnoNotFoundExceptionMapper.java
C:\Users\Carlos\Google Drive\Universidad\4º Cuarto\Sistemas de información\WebDatabase2\Database2Docker(BackEnd)\src\main\java\es\upsa\ssi\database2\JAXRSConfiguration.java
C:\Users\Carlos\Google Drive\Universidad\4º Cuarto\Sistemas de información\WebDatabase2\Database2Docker(BackEnd)\src\main\java\es\upsa\ssi\database2\exceptions\DniRepetidoException.java
C:\Users\Carlos\Google Drive\Universidad\4º Cuarto\Sistemas de información\WebDatabase2\Database2Docker(BackEnd)\src\main\java\es\upsa\ssi\database2\providers\AlumnoMessageBodyReader.java
C:\Users\Carlos\Google Drive\Universidad\4º Cuarto\Sistemas de información\WebDatabase2\Database2Docker(BackEnd)\src\main\java\es\upsa\ssi\database2\link\AlumnoLinkProducer.java
C:\Users\Carlos\Google Drive\Universidad\4º Cuarto\Sistemas de información\WebDatabase2\Database2Docker(BackEnd)\src\main\java\es\upsa\ssi\database2\annotations\FormatLiteral.java
C:\Users\Carlos\Google Drive\Universidad\4º Cuarto\Sistemas de información\WebDatabase2\Database2Docker(BackEnd)\src\main\java\es\upsa\ssi\database2\resources\AlumnosResource.java
C:\Users\Carlos\Google Drive\Universidad\4º Cuarto\Sistemas de información\WebDatabase2\Database2Docker(BackEnd)\src\main\java\es\upsa\ssi\database2\model\Dao.java
C:\Users\Carlos\Google Drive\Universidad\4º Cuarto\Sistemas de información\WebDatabase2\Database2Docker(BackEnd)\src\main\java\es\upsa\ssi\database2\model\Alumno.java
C:\Users\Carlos\Google Drive\Universidad\4º Cuarto\Sistemas de información\WebDatabase2\Database2Docker(BackEnd)\src\main\java\es\upsa\ssi\database2\exceptions\EmailRepetidoException.java
C:\Users\Carlos\Google Drive\Universidad\4º Cuarto\Sistemas de información\WebDatabase2\Database2Docker(BackEnd)\src\main\java\es\upsa\ssi\database2\json\AlumnoJsonMapperSelector.java
C:\Users\Carlos\Google Drive\Universidad\4º Cuarto\Sistemas de información\WebDatabase2\Database2Docker(BackEnd)\src\main\java\es\upsa\ssi\database2\model\impl\OracleDao.java
C:\Users\Carlos\Google Drive\Universidad\4º Cuarto\Sistemas de información\WebDatabase2\Database2Docker(BackEnd)\src\main\java\es\upsa\ssi\database2\providers\AlumnoMessageBodyWriter.java
